description = ""
name = "My Runbook"

connectivity_policy {
    allow_deployments_to_no_targets = true
}

project_id = "Projects-1"

steps "My Rolling Step" {
    actions "First" {
        action_type = "Octopus.Script"
    }

    actions "Second" {
        action_type = "Octopus.Script"
    }
}