description = ""
name = "My Runbook"

connectivity_policy {
    allow_deployments_to_no_targets = true
}

project_id = "Projects-1"

steps "Deploy Website" {
    actions "Deploy Website" {
        action_type = "Octopus.IIS"
        properties = {
            Octopus.Action.EnabledFeatures = "Octopus.Features.IISWebSite,Octopus.Features.JsonConfigurationVariables"
            Octopus.Action.IISWebSite.ApplicationPoolIdentityType = "ApplicationPoolIdentity"
            Octopus.Action.IISWebSite.ApplicationPoolName = "#{Domain}"
            Octopus.Action.IISWebSite.Bindings = "[{\"protocol\",\"https\",\"port\",\"443\",\"host\",\"#{Domain}\",\"thumbprint\",null,\"certificateVariable\",\"Certificate\",\"requireSni\",\"True\",\"enabled\",\"True\"){\"protocol\",\"https\",\"ipAddress\",\"\",\"port\",\"443\",\"host\",\"#{DirectDomainPrefix}.#{Domain}\",\"thumbprint\",null,\"certificateVariable\",\"Certificate\",\"requireSni\",\"True\",\"enabled\",true){\"protocol\",\"http\",\"ipAddress\",\"*\",\"port\",\"80\",\"host\",\"#{Domain}\",\"thumbprint\",null,\"certificateVariable\",null,\"requireSni\",false,\"enabled\",true){\"protocol\",\"http\",\"ipAddress\",\"*\",\"port\",\"80\",\"host\",\"www.#{Domain}\",\"thumbprint\",null,\"certificateVariable\",null,\"requireSni\",false,\"enabled\",true){\"protocol\",\"https\",\"ipAddress\",\"*\",\"port\",\"443\",\"host\",\"www.#{domain}\",\"thumbprint\",null,\"certificateVariable\",\"Certificate\",\"requireSni\",\"True\",\"enabled\",true}]"
            Octopus.Action.IISWebSite.CreateOrUpdateWebSite = "True"
            Octopus.Action.IISWebSite.DeploymentType = "webSite"
            Octopus.Action.IISWebSite.EnableAnonymousAuthentication = "True"
            Octopus.Action.IISWebSite.EnableBasicAuthentication = "False"
            Octopus.Action.IISWebSite.EnableWindowsAuthentication = "False"
            Octopus.Action.IISWebSite.StartApplicationPool = "True"
            Octopus.Action.IISWebSite.StartWebSite = "True"
            Octopus.Action.IISWebSite.WebApplication.ApplicationPoolFrameworkVersion = "v4.0"
            Octopus.Action.IISWebSite.WebApplication.ApplicationPoolIdentityType = "ApplicationPoolIdentity"
            Octopus.Action.IISWebSite.WebRootType = "packageRoot"
            Octopus.Action.IISWebSite.WebSiteName = "#{Domain}"
            Octopus.Action.Package.DownloadOnTentacle = "True"
            Octopus.Action.Package.FeedId = "My External Feed"
            Octopus.Action.Package.JsonConfigurationVariablesEnabled = "True"
            Octopus.Action.Package.JsonConfigurationVariablesTargets = "appsettings.json"
            Octopus.Action.Package.PackageId = "OctoFX.Web"
        }
    }
}